// Jest Snapshot v1, https://jestjs.io/docs/snapshot-testing

exports[`соответствует снепшоту 1`] = `
<DocumentFragment>
  <div
    class="flightCard"
  >
    <div
      class="header"
    >
      <div
        class="airline"
      >
        <div
          class="airlineLogo"
        >
          <img
            alt="airlineLogo"
            src="http://localhost:3001/images/images.png"
          />
        </div>
        <div
          class="flightNumber"
        >
          S7129
        </div>
      </div>
      <div
        class="codes"
      >
        <span
          class="code"
        >
          88020
        </span>
        <span
          class="code codeSecond"
        >
          RA-73420
        </span>
        <button
          class="btnLike"
        >
          <svg
            aria-hidden="true"
            class="lucide lucide-heart"
            fill="none"
            height="16"
            stroke="currentColor"
            stroke-linecap="round"
            stroke-linejoin="round"
            stroke-width="2"
            viewBox="0 0 24 24"
            width="16"
            xmlns="http://www.w3.org/2000/svg"
          >
            <path
              d="M19 14c1.49-1.46 3-3.21 3-5.5A5.5 5.5 0 0 0 16.5 3c-1.76 0-3 .5-4.5 2-1.5-1.5-2.74-2-4.5-2A5.5 5.5 0 0 0 2 8.5c0 2.3 1.5 4.05 3 5.5l7 7Z"
            />
          </svg>
        </button>
      </div>
    </div>
    <div
      class="airports"
    >
      <div
        class="airport from"
      >
        <span
          class="city"
        >
          Moscow
        </span>
        <span
          class="iata"
        >
          DME
        </span>
      </div>
      <div
        class="routeLine"
      >
        <div
          class="routeProgress"
          style="width: 60%;"
        />
        <span
          class="planeIcon"
          style="left: 60%;"
        >
          ✈️
        </span>
      </div>
      <div
        class="airport to"
      >
        <span
          class="city"
        >
          Dubai
        </span>
        <span
          class="iata"
        >
          DXB
        </span>
      </div>
    </div>
  </div>
</DocumentFragment>
`;
